label=nofields url=http://127.0.0.1:8000/v1/chat/completions max_tokens=200 runs=9 concurrency=[1, 2, 4] sampling={}
phase=nofields c=1 run=1 wall=4.55s agg=46.07 tok/s per_stream=[46.08] shas=None
phase=nofields c=1 run=2 wall=4.51s agg=46.70 tok/s per_stream=[46.71] shas=None
phase=nofields c=1 run=3 wall=5.00s agg=41.57 tok/s per_stream=[41.58] shas=None
phase=nofields c=1 run=4 wall=5.24s agg=39.62 tok/s per_stream=[39.62] shas=None
phase=nofields c=1 run=5 wall=4.50s agg=46.29 tok/s per_stream=[46.30] shas=None
phase=nofields c=1 run=6 wall=4.63s agg=44.98 tok/s per_stream=[44.98] shas=None
phase=nofields c=1 run=7 wall=4.93s agg=42.52 tok/s per_stream=[42.53] shas=None
phase=nofields c=1 run=8 wall=4.89s agg=42.49 tok/s per_stream=[42.49] shas=None
phase=nofields c=1 run=9 wall=4.48s agg=46.63 tok/s per_stream=[46.64] shas=None
phase=nofields c=2 run=1 wall=6.14s agg=68.23 tok/s per_stream=[40.42,34.74] shas=None,None
phase=nofields c=2 run=2 wall=6.22s agg=66.82 tok/s per_stream=[39.62,33.42] shas=None,None
phase=nofields c=2 run=3 wall=5.82s agg=71.78 tok/s per_stream=[40.86,35.90] shas=None,None
phase=nofields c=2 run=4 wall=6.70s agg=61.83 tok/s per_stream=[33.64,30.92] shas=None,None
phase=nofields c=2 run=5 wall=6.34s agg=65.42 tok/s per_stream=[32.99,32.72] shas=None,None
phase=nofields c=2 run=6 wall=6.68s agg=62.89 tok/s per_stream=[39.46,32.14] shas=None,None
phase=nofields c=2 run=7 wall=5.96s agg=70.70 tok/s per_stream=[34.58,39.09] shas=None,None
phase=nofields c=2 run=8 wall=7.05s agg=58.60 tok/s per_stream=[36.06,29.31] shas=None,None
phase=nofields c=2 run=9 wall=6.68s agg=62.68 tok/s per_stream=[30.73,36.63] shas=None,None
phase=nofields c=4 run=1 wall=11.66s agg=91.78 tok/s per_stream=[38.36,32.59,42.25,39.62] shas=None,None,None,None
phase=nofields c=4 run=2 wall=13.85s agg=74.20 tok/s per_stream=[39.59,29.59,32.41,30.07] shas=None,None,None,None
phase=nofields c=4 run=3 wall=13.56s agg=80.45 tok/s per_stream=[30.60,38.46,33.05,28.45] shas=None,None,None,None
phase=nofields c=4 run=4 wall=12.88s agg=82.27 tok/s per_stream=[35.48,32.06,31.19,32.54] shas=None,None,None,None
phase=nofields c=4 run=5 wall=11.69s agg=92.02 tok/s per_stream=[34.91,35.17,36.40,37.68] shas=None,None,None,None
phase=nofields c=4 run=6 wall=11.70s agg=89.79 tok/s per_stream=[31.88,35.35,41.08,36.11] shas=None,None,None,None
phase=nofields c=4 run=7 wall=12.42s agg=85.87 tok/s per_stream=[36.09,34.99,30.58,36.91] shas=None,None,None,None
phase=nofields c=4 run=8 wall=13.11s agg=78.61 tok/s per_stream=[33.92,26.08,39.94,33.97] shas=None,None,None,None
phase=nofields c=4 run=9 wall=13.52s agg=79.05 tok/s per_stream=[37.32,31.19,32.64,30.15] shas=None,None,None,None
SUMMARY [{"phase": "nofields", "sampling": {}, "concurrency": 1, "n": 9, "median_agg_tok_s": 44.97694969275349, "median_decode_tok_s": 44.98378374781536, "ttft_s_p50": 0.21261543105356395, "token_shas": ["None"]}, {"phase": "nofields", "sampling": {}, "concurrency": 2, "n": 18, "median_agg_tok_s": 65.42123821686174, "median_decode_tok_s": 34.65839174991206, "ttft_s_p50": 0.2630280825542286, "token_shas": ["None"]}, {"phase": "nofields", "sampling": {}, "concurrency": 4, "n": 36, "median_agg_tok_s": 82.26541968269383, "median_decode_tok_s": 34.43841318304876, "ttft_s_p50": 2.940496451454237, "token_shas": ["None"]}]
