2026-10-08T05:14:15.101Z session_gate: evidence dir /home/sfxnz/projects/data/tf-dsv41/receipts/n11/3B/gate
2026-10-08T05:14:16.154Z session_gate: start smoke-chat
2026-10-08T05:14:16.410Z session_gate: end smoke-chat rc=0
2026-10-08T05:14:16.412Z session_gate: start smoke-count
2026-10-08T05:14:23.137Z session_gate: end smoke-count rc=0
2026-10-08T05:14:23.139Z session_gate: start bench-frozen
2026-10-08T05:15:19.080Z session_gate: end bench-frozen rc=0
2026-10-08T05:15:19.082Z session_gate: start bench-prose-long
2026-10-08T05:16:08.618Z session_gate: end bench-prose-long rc=0
2026-10-08T05:16:08.620Z session_gate: start bench-frozen-conc
2026-10-08T05:19:06.254Z session_gate: end bench-frozen-conc rc=0
2026-10-08T05:19:06.256Z session_gate: start bench-prose-long-conc
2026-10-08T05:21:38.407Z session_gate: end bench-prose-long-conc rc=0
2026-10-08T05:21:38.409Z session_gate: start bench-concurrent
2026-10-08T05:28:30.839Z session_gate: end bench-concurrent rc=0
2026-10-08T05:28:30.841Z session_gate: start bench-concurrent-mixed
2026-10-08T05:30:03.014Z session_gate: end bench-concurrent-mixed rc=0
2026-10-08T05:30:03.016Z session_gate: start conc-check
2026-10-08T05:30:03.030Z session_gate: end conc-check rc=0
2026-10-08T05:30:03.032Z session_gate: start pairs-concurrent
2026-10-08T05:30:41.019Z session_gate: end pairs-concurrent rc=0
finished_at=2026-10-08T05:30:41.701Z
smoke-chat=0
smoke-count=0
bench-frozen=0
bench-prose-long=0
bench-frozen-conc=0
bench-prose-long-conc=0
bench-concurrent=0
bench-concurrent-mixed=0
conc-check=0
pairs-concurrent=0
GATE=PASS
