label=nofields url=http://127.0.0.1:8000/v1/chat/completions max_tokens=200 runs=9 concurrency=[1, 2, 4] sampling={}
phase=nofields c=1 run=1 wall=4.36s agg=48.17 tok/s per_stream=[48.18] shas=None
phase=nofields c=1 run=2 wall=4.09s agg=51.24 tok/s per_stream=[51.26] shas=None
phase=nofields c=1 run=3 wall=4.73s agg=44.39 tok/s per_stream=[44.40] shas=None
phase=nofields c=1 run=4 wall=4.98s agg=42.01 tok/s per_stream=[42.02] shas=None
phase=nofields c=1 run=5 wall=3.92s agg=54.11 tok/s per_stream=[54.13] shas=None
phase=nofields c=1 run=6 wall=4.18s agg=50.06 tok/s per_stream=[50.07] shas=None
phase=nofields c=1 run=7 wall=4.38s agg=48.14 tok/s per_stream=[48.15] shas=None
phase=nofields c=1 run=8 wall=4.67s agg=45.07 tok/s per_stream=[45.08] shas=None
phase=nofields c=1 run=9 wall=5.05s agg=41.08 tok/s per_stream=[41.09] shas=None
phase=nofields c=2 run=1 wall=5.46s agg=76.58 tok/s per_stream=[38.30,44.73] shas=None,None
phase=nofields c=2 run=2 wall=5.83s agg=72.40 tok/s per_stream=[36.81,37.06] shas=None,None
phase=nofields c=2 run=3 wall=6.06s agg=68.76 tok/s per_stream=[34.39,36.24] shas=None,None
phase=nofields c=2 run=4 wall=6.59s agg=63.66 tok/s per_stream=[32.50,34.60] shas=None,None
phase=nofields c=2 run=5 wall=6.15s agg=68.47 tok/s per_stream=[35.30,35.04] shas=None,None
phase=nofields c=2 run=6 wall=6.01s agg=69.38 tok/s per_stream=[34.70,42.17] shas=None,None
phase=nofields c=2 run=7 wall=6.45s agg=64.36 tok/s per_stream=[32.18,38.18] shas=None,None
phase=nofields c=2 run=8 wall=6.21s agg=66.87 tok/s per_stream=[37.01,33.44] shas=None,None
phase=nofields c=2 run=9 wall=5.77s agg=73.14 tok/s per_stream=[37.88,37.46] shas=None,None
phase=nofields c=4 run=1 wall=13.31s agg=78.32 tok/s per_stream=[36.28,27.64,40.54,35.57] shas=None,None,None,None
phase=nofields c=4 run=2 wall=12.50s agg=82.93 tok/s per_stream=[33.39,28.59,39.89,36.78] shas=None,None,None,None
phase=nofields c=4 run=3 wall=13.67s agg=75.35 tok/s per_stream=[36.86,35.12,25.32,37.73] shas=None,None,None,None
phase=nofields c=4 run=4 wall=13.12s agg=76.90 tok/s per_stream=[32.21,42.08,31.12,39.47] shas=None,None,None,None
phase=nofields c=4 run=5 wall=12.67s agg=82.23 tok/s per_stream=[32.36,38.52,37.99,33.33] shas=None,None,None,None
phase=nofields c=4 run=6 wall=13.66s agg=74.50 tok/s per_stream=[38.59,29.39,38.86,31.22] shas=None,None,None,None
phase=nofields c=4 run=7 wall=13.47s agg=80.78 tok/s per_stream=[32.88,31.25,29.71,32.24] shas=None,None,None,None
phase=nofields c=4 run=8 wall=13.27s agg=77.73 tok/s per_stream=[28.81,37.86,34.17,31.07] shas=None,None,None,None
phase=nofields c=4 run=9 wall=13.05s agg=78.41 tok/s per_stream=[41.54,34.16,37.69,30.79] shas=None,None,None,None
SUMMARY [{"phase": "nofields", "sampling": {}, "concurrency": 1, "n": 9, "median_agg_tok_s": 48.14313458560316, "median_decode_tok_s": 48.15095860699472, "ttft_s_p50": 0.23974560503847897, "token_shas": ["None"]}, {"phase": "nofields", "sampling": {}, "concurrency": 2, "n": 18, "median_agg_tok_s": 68.75780410920167, "median_decode_tok_s": 36.523889778631236, "ttft_s_p50": 0.26602665742393583, "token_shas": ["None"]}, {"phase": "nofields", "sampling": {}, "concurrency": 4, "n": 36, "median_agg_tok_s": 78.3221701295645, "median_decode_tok_s": 34.162168430387595, "ttft_s_p50": 2.878135935519822, "token_shas": ["None"]}]
